{"errors"=>{"username"=>["can't be blank"], "password"=>["can't be blank"]}}