{"id"=>1, "username"=>"TEST_USERNAME", "password"=>"TEST_PASSWORD", "created_at"=>"2020-06-10T00:30:52.688Z", "updated_at"=>"2020-06-10T00:30:52.688Z"}